<html>
<body>
<pre>
<h1>µVision Build Log</h1>
<h2>Tool Versions:</h2>
IDE-Version: µVision V5.36.0.0
Copyright (C) 2021 ARM Ltd and ARM Germany GmbH. All rights reserved.
License Information: Gabriel Godinho, UTFPR, LIC=----
 
Tool Versions:
Toolchain:       MDK-Lite  Version: 5.36.0.0
Toolchain Path:  C:\Keil_v5\ARM\ARMCC\Bin
C Compiler:      Armcc.exe V5.06 update 7 (build 960)
Assembler:       Armasm.exe V5.06 update 7 (build 960)
Linker/Locator:  ArmLink.exe V5.06 update 7 (build 960)
Library Manager: ArmAr.exe V5.06 update 7 (build 960)
Hex Converter:   FromElf.exe V5.06 update 7 (build 960)
CPU DLL:         SARMCM3.DLL V5.36.0.0
Dialog DLL:      DCM.DLL V1.17.3.0
Target DLL:      lmidk-agdi.dll V???
Dialog DLL:      TCM.DLL V1.53.0.0
 
<h2>Project:</h2>
C:\Users\icego\OneDrive\UTFPR\7 - Semestre\Microcontrolados\sistemas-microcontrolados\LAB3\exemplo.uvprojx
Project File Date:  11/08/2022

<h2>Output:</h2>
*** Using Compiler 'V5.06 update 7 (build 960)', folder: 'C:\Keil_v5\ARM\ARMCC\Bin'
Build target 'Target 1'
compiling main.c...
main.c(81): warning:  #167-D: argument of type "volatile uint32_t *" is incompatible with parameter of type "uint32_t *"
  					tecla = Teclas_Input(&GPIO_PORTL_DATA_R,&GPIO_PORTM_DIR_R,&GPIO_PORTM_DATA_R);
main.c(81): warning:  #167-D: argument of type "volatile uint32_t *" is incompatible with parameter of type "uint32_t *"
  					tecla = Teclas_Input(&GPIO_PORTL_DATA_R,&GPIO_PORTM_DIR_R,&GPIO_PORTM_DATA_R);
main.c(81): warning:  #167-D: argument of type "volatile uint32_t *" is incompatible with parameter of type "uint32_t *"
  					tecla = Teclas_Input(&GPIO_PORTL_DATA_R,&GPIO_PORTM_DIR_R,&GPIO_PORTM_DATA_R);
main.c(91): warning:  #167-D: argument of type "volatile uint32_t *" is incompatible with parameter of type "uint32_t *"
  						tecla = Teclas_Input(&GPIO_PORTL_DATA_R,&GPIO_PORTM_DIR_R,&GPIO_PORTM_DATA_R);
main.c(91): warning:  #167-D: argument of type "volatile uint32_t *" is incompatible with parameter of type "uint32_t *"
  						tecla = Teclas_Input(&GPIO_PORTL_DATA_R,&GPIO_PORTM_DIR_R,&GPIO_PORTM_DATA_R);
main.c(91): warning:  #167-D: argument of type "volatile uint32_t *" is incompatible with parameter of type "uint32_t *"
  						tecla = Teclas_Input(&GPIO_PORTL_DATA_R,&GPIO_PORTM_DIR_R,&GPIO_PORTM_DATA_R);
main.c(100): warning:  #167-D: argument of type "volatile uint32_t *" is incompatible with parameter of type "uint32_t *"
  						tecla = Teclas_Input(&GPIO_PORTL_DATA_R,&GPIO_PORTM_DIR_R,&GPIO_PORTM_DATA_R);
main.c(100): warning:  #167-D: argument of type "volatile uint32_t *" is incompatible with parameter of type "uint32_t *"
  						tecla = Teclas_Input(&GPIO_PORTL_DATA_R,&GPIO_PORTM_DIR_R,&GPIO_PORTM_DATA_R);
main.c(100): warning:  #167-D: argument of type "volatile uint32_t *" is incompatible with parameter of type "uint32_t *"
  						tecla = Teclas_Input(&GPIO_PORTL_DATA_R,&GPIO_PORTM_DIR_R,&GPIO_PORTM_DATA_R);
main.c(103): warning:  #167-D: argument of type "volatile uint32_t *" is incompatible with parameter of type "uint32_t *"
  							tecla = Teclas_Input(&GPIO_PORTL_DATA_R,&GPIO_PORTM_DIR_R,&GPIO_PORTM_DATA_R);
main.c(103): warning:  #167-D: argument of type "volatile uint32_t *" is incompatible with parameter of type "uint32_t *"
  							tecla = Teclas_Input(&GPIO_PORTL_DATA_R,&GPIO_PORTM_DIR_R,&GPIO_PORTM_DATA_R);
main.c(103): warning:  #167-D: argument of type "volatile uint32_t *" is incompatible with parameter of type "uint32_t *"
  							tecla = Teclas_Input(&GPIO_PORTL_DATA_R,&GPIO_PORTM_DIR_R,&GPIO_PORTM_DATA_R);
main.c(119): warning:  #167-D: argument of type "volatile uint32_t *" is incompatible with parameter of type "uint32_t *"
  					tecla = Teclas_Input(&GPIO_PORTL_DATA_R,&GPIO_PORTM_DIR_R,&GPIO_PORTM_DATA_R);
main.c(119): warning:  #167-D: argument of type "volatile uint32_t *" is incompatible with parameter of type "uint32_t *"
  					tecla = Teclas_Input(&GPIO_PORTL_DATA_R,&GPIO_PORTM_DIR_R,&GPIO_PORTM_DATA_R);
main.c(119): warning:  #167-D: argument of type "volatile uint32_t *" is incompatible with parameter of type "uint32_t *"
  					tecla = Teclas_Input(&GPIO_PORTL_DATA_R,&GPIO_PORTM_DIR_R,&GPIO_PORTM_DATA_R);
main.c(127): warning:  #167-D: argument of type "volatile uint32_t *" is incompatible with parameter of type "uint32_t *"
  						tecla = Teclas_Input(&GPIO_PORTL_DATA_R,&GPIO_PORTM_DIR_R,&GPIO_PORTM_DATA_R);
main.c(127): warning:  #167-D: argument of type "volatile uint32_t *" is incompatible with parameter of type "uint32_t *"
  						tecla = Teclas_Input(&GPIO_PORTL_DATA_R,&GPIO_PORTM_DIR_R,&GPIO_PORTM_DATA_R);
main.c(127): warning:  #167-D: argument of type "volatile uint32_t *" is incompatible with parameter of type "uint32_t *"
  						tecla = Teclas_Input(&GPIO_PORTL_DATA_R,&GPIO_PORTM_DIR_R,&GPIO_PORTM_DATA_R);
main.c(132): warning:  #167-D: argument of type "volatile uint32_t *" is incompatible with parameter of type "uint32_t *"
  						tecla = Teclas_Input(&GPIO_PORTL_DATA_R,&GPIO_PORTM_DIR_R,&GPIO_PORTM_DATA_R);
main.c(132): warning:  #167-D: argument of type "volatile uint32_t *" is incompatible with parameter of type "uint32_t *"
  						tecla = Teclas_Input(&GPIO_PORTL_DATA_R,&GPIO_PORTM_DIR_R,&GPIO_PORTM_DATA_R);
main.c(132): warning:  #167-D: argument of type "volatile uint32_t *" is incompatible with parameter of type "uint32_t *"
  						tecla = Teclas_Input(&GPIO_PORTL_DATA_R,&GPIO_PORTM_DIR_R,&GPIO_PORTM_DATA_R);
main.c(281): warning:  #1-D: last line of file ends without a newline
  }
main.c: 22 warnings, 0 errors
linking...
Program Size: Code=3764 RO-data=32 RW-data=228 ZI-data=1124  
".\Objects\exemplo.axf" - 0 Error(s), 22 Warning(s).

<h2>Software Packages used:</h2>

Package Vendor: Keil
                http://www.keil.com/pack/Keil.TM4C_DFP.1.1.0.pack
                Keil.TM4C_DFP.1.1.0
                Texas Instruments Tiva C Series Device Support and Examples

<h2>Collection of Component include folders:</h2>
  C:\Users\icego\AppData\Local\Arm\Packs\Keil\TM4C_DFP\1.1.0\Device\Include\TM4C129

<h2>Collection of Component Files used:</h2>
Build Time Elapsed:  00:00:00
</pre>
</body>
</html>
